{
  "version": "1.5.0",
  "plugins_used": [
    {
      "name": "ArtifactoryDetector"
    },
    {
      "name": "AWSKeyDetector"
    },
    {
      "name": "AzureStorageKeyDetector"
    },
    {
      "name": "Base64HighEntropyString",
      "limit": 4.5
    },
    {
      "name": "BasicAuthDetector"
    },
    {
      "name": "CloudantDetector"
    },
    {
      "name": "DiscordBotTokenDetector"
    },
    {
      "name": "GitHubTokenDetector"
    },
    {
      "name": "GitLabTokenDetector"
    },
    {
      "name": "HexHighEntropyString",
      "limit": 3.0
    },
    {
      "name": "IbmCloudIamDetector"
    },
    {
      "name": "IbmCosHmacDetector"
    },
    {
      "name": "IPPublicDetector"
    },
    {
      "name": "JwtTokenDetector"
    },
    {
      "name": "KeywordDetector",
      "keyword_exclude": ""
    },
    {
      "name": "MailchimpDetector"
    },
    {
      "name": "NpmDetector"
    },
    {
      "name": "OpenAIDetector"
    },
    {
      "name": "PrivateKeyDetector"
    },
    {
      "name": "PypiTokenDetector"
    },
    {
      "name": "SendGridDetector"
    },
    {
      "name": "SlackDetector"
    },
    {
      "name": "SoftlayerDetector"
    },
    {
      "name": "SquareOAuthDetector"
    },
    {
      "name": "StripeDetector"
    },
    {
      "name": "TelegramBotTokenDetector"
    },
    {
      "name": "TwilioKeyDetector"
    }
  ],
  "filters_used": [
    {
      "path": "detect_secrets.filters.allowlist.is_line_allowlisted"
    },
    {
      "path": "detect_secrets.filters.common.is_baseline_file",
      "filename": ".secrets.baseline"
    },
    {
      "path": "detect_secrets.filters.common.is_ignored_due_to_verification_policies",
      "min_level": 2
    },
    {
      "path": "detect_secrets.filters.heuristic.is_indirect_reference"
    },
    {
      "path": "detect_secrets.filters.heuristic.is_likely_id_string"
    },
    {
      "path": "detect_secrets.filters.heuristic.is_lock_file"
    },
    {
      "path": "detect_secrets.filters.heuristic.is_not_alphanumeric_string"
    },
    {
      "path": "detect_secrets.filters.heuristic.is_potential_uuid"
    },
    {
      "path": "detect_secrets.filters.heuristic.is_prefixed_with_dollar_sign"
    },
    {
      "path": "detect_secrets.filters.heuristic.is_sequential_string"
    },
    {
      "path": "detect_secrets.filters.heuristic.is_swagger_file"
    },
    {
      "path": "detect_secrets.filters.heuristic.is_templated_secret"
    },
    {
      "path": "detect_secrets.filters.regex.should_exclude_file",
      "pattern": [
        "^(\\.worktrees/|external/|target/|node_modules/|\\.dekk/|\\.apxm/|.*/__pycache__/)"
      ]
    }
  ],
  "results": {
    "crates/compiler/compiler/src/optimization.rs": [
      {
        "type": "Secret Keyword",
        "filename": "crates/compiler/compiler/src/optimization.rs",
        "hashed_secret": "d789a0e046ea8b7b6119cbca58bdf48d62ab17f8",
        "is_verified": false,
        "line_number": 431
      },
      {
        "type": "Secret Keyword",
        "filename": "crates/compiler/compiler/src/optimization.rs",
        "hashed_secret": "4a19e4a9f39647997a0e2c548c03b390be403f17",
        "is_verified": false,
        "line_number": 441
      }
    ],
    "crates/compiler/frontend/python/apxm/_generated/agents.py": [
      {
        "type": "Hex High Entropy String",
        "filename": "crates/compiler/frontend/python/apxm/_generated/agents.py",
        "hashed_secret": "8512729b157291862dd327634ae994db67a20cec",
        "is_verified": false,
        "line_number": 2
      }
    ],
    "crates/compiler/frontend/python/apxm/_generated/constants.py": [
      {
        "type": "Hex High Entropy String",
        "filename": "crates/compiler/frontend/python/apxm/_generated/constants.py",
        "hashed_secret": "87c61dc96c68868e0284040db64168f01ccf4a00",
        "is_verified": false,
        "line_number": 2
      }
    ],
    "crates/compiler/frontend/python/apxm/_generated/emission.py": [
      {
        "type": "Hex High Entropy String",
        "filename": "crates/compiler/frontend/python/apxm/_generated/emission.py",
        "hashed_secret": "a8096c08eec6b48ea9ac0a99ee2599eccb9c9cc4",
        "is_verified": false,
        "line_number": 2
      }
    ],
    "crates/compiler/frontend/python/apxm/_generated/operations.py": [
      {
        "type": "Hex High Entropy String",
        "filename": "crates/compiler/frontend/python/apxm/_generated/operations.py",
        "hashed_secret": "7ad469d4c5fa2a87f63bdb7934a83d3d8deb712c",
        "is_verified": false,
        "line_number": 2
      }
    ],
    "crates/compiler/frontend/python/apxm/_generated/providers.py": [
      {
        "type": "Hex High Entropy String",
        "filename": "crates/compiler/frontend/python/apxm/_generated/providers.py",
        "hashed_secret": "47a5518a3a14e84cc7564595c3e4a56a97885ea0",
        "is_verified": false,
        "line_number": 2
      },
      {
        "type": "Secret Keyword",
        "filename": "crates/compiler/frontend/python/apxm/_generated/providers.py",
        "hashed_secret": "17bb10d3f44323963c21bf3c97341ebb5accf05e",
        "is_verified": false,
        "line_number": 20
      },
      {
        "type": "Secret Keyword",
        "filename": "crates/compiler/frontend/python/apxm/_generated/providers.py",
        "hashed_secret": "02ecb94373bfb3dfe827ca18409f50b016e8302a",
        "is_verified": false,
        "line_number": 29
      },
      {
        "type": "Secret Keyword",
        "filename": "crates/compiler/frontend/python/apxm/_generated/providers.py",
        "hashed_secret": "f8ca0d7266886f4b5be9adddc9b66017b3bf1a4b",
        "is_verified": false,
        "line_number": 38
      },
      {
        "type": "Secret Keyword",
        "filename": "crates/compiler/frontend/python/apxm/_generated/providers.py",
        "hashed_secret": "1db4aba2bc9d400d5e75f5473ff811cd819a436d",
        "is_verified": false,
        "line_number": 47
      },
      {
        "type": "Secret Keyword",
        "filename": "crates/compiler/frontend/python/apxm/_generated/providers.py",
        "hashed_secret": "96133e4265d7a277409c8094e5eff6a41934cf07",
        "is_verified": false,
        "line_number": 65
      }
    ],
    "crates/compiler/frontend/python/tests/test_backends.py": [
      {
        "type": "Secret Keyword",
        "filename": "crates/compiler/frontend/python/tests/test_backends.py",
        "hashed_secret": "a0e56350bbd5082dc27f817053b77d471fd6ff9f",
        "is_verified": false,
        "line_number": 18
      }
    ],
    "crates/compiler/frontend/python/tests/test_decorators.py": [
      {
        "type": "Secret Keyword",
        "filename": "crates/compiler/frontend/python/tests/test_decorators.py",
        "hashed_secret": "83ca282a1647e4e7c3e3859e53b1a8299803504c",
        "is_verified": false,
        "line_number": 42
      }
    ],
    "crates/core/crates/machine/core/src/events/tests.rs": [
      {
        "type": "Secret Keyword",
        "filename": "crates/core/crates/machine/core/src/events/tests.rs",
        "hashed_secret": "a907b62e9fa266bd16b87d5079b6085fd1b76e1d",
        "is_verified": false,
        "line_number": 446
      }
    ],
    "crates/runtime/backends/src/llm/backends/anthropic/backend.rs": [
      {
        "type": "Secret Keyword",
        "filename": "crates/runtime/backends/src/llm/backends/anthropic/backend.rs",
        "hashed_secret": "001edb2266608f27ee333b4bb5f265553682eb0a",
        "is_verified": false,
        "line_number": 42
      },
      {
        "type": "Secret Keyword",
        "filename": "crates/runtime/backends/src/llm/backends/anthropic/backend.rs",
        "hashed_secret": "a94a8fe5ccb19ba61c4c0873d391e987982fbbd3",
        "is_verified": false,
        "line_number": 730
      }
    ],
    "crates/runtime/backends/src/llm/backends/openai/backend.rs": [
      {
        "type": "Secret Keyword",
        "filename": "crates/runtime/backends/src/llm/backends/openai/backend.rs",
        "hashed_secret": "83ca282a1647e4e7c3e3859e53b1a8299803504c",
        "is_verified": false,
        "line_number": 42
      },
      {
        "type": "Secret Keyword",
        "filename": "crates/runtime/backends/src/llm/backends/openai/backend.rs",
        "hashed_secret": "a94a8fe5ccb19ba61c4c0873d391e987982fbbd3",
        "is_verified": false,
        "line_number": 942
      }
    ],
    "examples/python/demos/gemma4/scripts/run_demo.py": [
      {
        "type": "Secret Keyword",
        "filename": "examples/python/demos/gemma4/scripts/run_demo.py",
        "hashed_secret": "5bc604777adb22ae457a5473c397202e00689e23",
        "is_verified": false,
        "line_number": 90
      }
    ],
    "tools/apxm_dspy/types.py": [
      {
        "type": "Secret Keyword",
        "filename": "tools/apxm_dspy/types.py",
        "hashed_secret": "665b1e3851eefefa3fb878654292f16597d25155",
        "is_verified": false,
        "line_number": 97
      }
    ],
    "tools/scripts/apxm_vllm_contract.py": [
      {
        "type": "Secret Keyword",
        "filename": "tools/scripts/apxm_vllm_contract.py",
        "hashed_secret": "5b924ca5330ede58702a5b0e414207b90fb1aef3",
        "is_verified": false,
        "line_number": 38
      },
      {
        "type": "Secret Keyword",
        "filename": "tools/scripts/apxm_vllm_contract.py",
        "hashed_secret": "665b1e3851eefefa3fb878654292f16597d25155",
        "is_verified": false,
        "line_number": 265
      },
      {
        "type": "Secret Keyword",
        "filename": "tools/scripts/apxm_vllm_contract.py",
        "hashed_secret": "1aec4ac45b1f5ce71d9e6d0fb57ba7e10624d7eb",
        "is_verified": false,
        "line_number": 266
      }
    ]
  },
  "generated_at": "2026-05-13T01:27:35Z"
}
